=== lần chạy 2026-10-07 09:22:08 - mode=NEW ===
[RUN] mode=NEW
[RUN] dataset=cosmetics
[RUN] version_id=cosmetics-ds0.2.0-pl0.2.0-srccosmetics@0.1.0-e616c1e3
[RUN] split=test
[RUN] approach=encoder
[RUN] prompt=None
[RUN] prompt_sha=None
[RUN] model=vinai/phobert-base-v2
[RUN] quant=none
[RUN] max_length=256
[RUN] batch_size=16
[RUN] subset.limit=0
[RUN] subset.seed=42
[RUN] n_samples=1623
[RUN] experiment.model=phobert-base-v2
[RUN] experiment.method=lora
[RUN] experiment.exp_id=exp007
[RUN] repo_sha=c82c20d8d1c37de6483db839d19c55a527d57ad0
[RUN] config_sha256=3e52a2a3c349d7fdb3aab9e61975423f9c385d7679ba664cfb0ffb650bdc9744
[RUN] label_space=binary
[RUN] neutral_policy=drop
[RUN] not_mentioned=separate
[RUN] training.trainer=lora
[RUN] training.epochs=3
[RUN] training.batch=8
[RUN] training.grad_accum=4
[RUN] training.lr=0.0002
[RUN] training.weight_decay=0.01
[RUN] training.lora_r=16
[RUN] training.lora_alpha=32
[RUN] training.lora_dropout=0.05
[RUN] training.target_modules=query, key, value, dense
[RUN] training.quantization=none
[RUN] training.dtype=auto
[RUN] training.head_trainable=True
[RUN] training.every_n_steps=100
[RUN] training.keep_last_k=2
[RUN] training.save_last=True
[RUN] training.save_best=True
[RUN] training.delete_intermediate=True
[RUN] training.best_metric=sentiment_f1
[WARN] không mở được phiên MLflow: MlflowException: Cannot set a deleted experiment 'sentimentx-absa' as the active experiment. You can restore the experiment, or permanently delete the experiment to create a new one.
[TRACK] không ghi nhận: Cannot set a deleted experiment 'sentimentx-absa' as the active experiment. You can restore the experiment, or permanently delete the experiment to create a new one.
[CONFIG] thí nghiệm: phobert-base-v2/lora/exp007 | dữ liệu: cosmetics-ds0.2.0-pl0.2.0-srccosmetics@0.1.0-e616c1e3 | split chấm: test | n: cả split
[CONFIG] đè enabled: False <- True
[CONFIG] đè head.aspect_marker: False <- True
[CONFIG] đè head.trainable: False <- True
[CONFIG] đè loss.class_weight: none <- inverse
[CONFIG] đè loss.type: ce <- weighted_ce
[CONFIG] bài toán: label_space=binary neutral_policy=drop not_mentioned=separate | nhãn: 0, 1, 2
[CONFIG] huấn luyện: trainer=lora lora r=16 alpha=32 dropout=0.05 | module=query, key, value, dense | lr=0.0002 batch=8 grad_accum=4 epochs=3 weight_decay=0.01
[CONFIG] đầu phân loại: HỌC cùng adapter
[CONFIG] checkpoint: mỗi 100 bước, giữ 2 | lưu last=True best=True xoá trung gian=True
[CONFIG] chạy: max_length=256 | batch chấm=16 | device=cuda | dtype=auto
[CONFIG] mã hạt giống: 42
[STEP] huấn luyện: 3 epoch, batch 8 (tích luỹ 4), 12268 mẫu train, 1535 mẫu val
[STEP] đầu phân loại: HỌC cùng adapter | theo khía cạnh: BẬT - khía cạnh vào đầu vào | 2681112 tham số học / 137679384 tổng
[STEP] bước 100 | loss 0.7956 | val sentiment_f1=0.3040 (10554 ô) | đã lưu model/best
[STEP] bước 200 | loss 0.7376 | val sentiment_f1=0.3240 (10554 ô) | đã lưu model/best
[STEP] bước 300 | loss 1.0697 | val sentiment_f1=0.3260 (10554 ô) | đã lưu model/best
[STEP] bước 400 | loss 0.4339 | val sentiment_f1=0.3350 (10554 ô) | đã lưu model/best
[STEP] bước 500 | loss 0.7345 | val sentiment_f1=0.3310 (10554 ô) | chưa tốt hơn
[STEP] bước 600 | loss 0.7484 | val sentiment_f1=0.3350 (10554 ô) | chưa tốt hơn
[STEP] bước 700 | loss 0.3691 | val sentiment_f1=0.3340 (10554 ô) | chưa tốt hơn
[STEP] bước 800 | loss 0.9867 | val sentiment_f1=0.3320 (10554 ô) | chưa tốt hơn
[STEP] bước 900 | loss 0.4512 | val sentiment_f1=0.3330 (10554 ô) | chưa tốt hơn
[STEP] bước 1000 | loss 0.7626 | val sentiment_f1=0.3320 (10554 ô) | chưa tốt hơn
[STEP] bước 1100 | loss 0.6615 | val sentiment_f1=0.3320 (10554 ô) | chưa tốt hơn
[STEP] huấn luyện xong: 1150 bước trong 790.0 giây (2681112 tham số học / 137679384 tổng) | 790.0 giây
[STEP] ghi lịch sử huấn luyện: /content/drive/MyDrive/ABSA_2026_2027/experiments/phobert-base-v2/lora/exp007/results/3e52a2a3/training_history.csv (14 điểm đo)
[STEP] ghi biểu đồ train/val: /content/drive/MyDrive/ABSA_2026_2027/experiments/phobert-base-v2/lora/exp007/results/3e52a2a3/plots/training.html
[STEP] suy luận bằng /content/drive/MyDrive/ABSA_2026_2027/experiments/phobert-base-v2/lora/exp007/results/3e52a2a3/model/best
[STEP] suy luận xong 1623 mẫu; checkpoint huấn luyện với 7 khía cạnh, nhãn 0, 1, 2
[STEP] ghi xác suất từng ô: /content/drive/MyDrive/ABSA_2026_2027/experiments/phobert-base-v2/lora/exp007/results/3e52a2a3/probabilities.csv (11361 dòng = 1623 mẫu × 7 khía cạnh)
[STEP] tổng 1623 mẫu (1623 mẫu mới), đọc được 100.0% kết quả
[STEP] chấm xong 5 chỉ số: accuracy, aspect_detection, prf, aggregate, confusion
[STEP] loại 200 ô neutral theo neutral_policy=drop
[STEP] cơ sở đo paper: 2496 ô giữ lại, loại 8665 ô không phải hai chiều, 0 ô không đọc được
[STEP] ghi 1623 dòng dự đoán
[STEP] đã ghi: metrics.csv, metrics.json, mispredictions.csv, mispredictions_paper.csv, plots/accuracy.html, predictions.csv
[STEP] ghi nhận: 0 tham số, 0 chỉ số, 0 file
[RUN] kết thúc sau 841.0 giây
[STEP] run_meta.json: lần chạy thứ 1, trạng thái FINISHED
[TRACK] không ghi nhận gì (tracker tắt)
